
============================================================
  GREEN MART - Integration & E2E Test Suite
============================================================


≡ƒôï 1. SERVICE HEALTH CHECKS

[36m[INFO][0m Running: Auth Service Health
[32m[SUCCESS][0m Γ£ô Auth Service Health
[36m[INFO][0m Running: Product Service Health
[32m[SUCCESS][0m Γ£ô Product Service Health
[36m[INFO][0m Running: Inventory Service Health
[32m[SUCCESS][0m Γ£ô Inventory Service Health
[36m[INFO][0m Running: Order Service Health
[32m[SUCCESS][0m Γ£ô Order Service Health
[36m[INFO][0m Running: Payment Service Health
[31m[ERROR][0m Γ£ù Payment Service Health: Failed to convert value of type 'java.lang.String' to required type 'java.util.UUID'; Invalid UUID string: health
[36m[INFO][0m Running: Checkout Service Health
[32m[SUCCESS][0m Γ£ô Checkout Service Health

≡ƒôï 2. AUTHENTICATION TESTS

[36m[INFO][0m Running: User Registration
[36m[INFO][0m   User ID: c2b0884e-411f-42e8-a759-7ea3b65bc7a6
[36m[INFO][0m   Email: test_1769980333662@greenmart.com
[32m[SUCCESS][0m Γ£ô User Registration
[36m[INFO][0m Running: User Login
[32m[SUCCESS][0m Γ£ô User Login
[36m[INFO][0m Running: Invalid Login Rejected
[32m[SUCCESS][0m Γ£ô Invalid Login Rejected

≡ƒôï 3. PRODUCT TESTS

[36m[INFO][0m Running: Create Product (Vendor)
[36m[INFO][0m   Product ID: 697fc1ae1430c7796a31f875
[32m[SUCCESS][0m Γ£ô Create Product (Vendor)
[36m[INFO][0m Running: Get All Products
[32m[SUCCESS][0m Γ£ô Get All Products
[36m[INFO][0m Running: Get Product by ID
[32m[SUCCESS][0m Γ£ô Get Product by ID
[36m[INFO][0m Running: Update Product
[31m[ERROR][0m Γ£ù Update Product: Only admins and vendors can update products

≡ƒôï 4. INVENTORY TESTS

[36m[INFO][0m Running: Add Inventory
[32m[SUCCESS][0m Γ£ô Add Inventory
[36m[INFO][0m Running: Get Inventory by Product
[32m[SUCCESS][0m Γ£ô Get Inventory by Product
[36m[INFO][0m Running: Update Inventory
[32m[SUCCESS][0m Γ£ô Update Inventory
[36m[INFO][0m Running: Check Stock Availability
[32m[SUCCESS][0m Γ£ô Check Stock Availability

≡ƒôï 5. CART TESTS

[36m[INFO][0m Running: Get Empty Cart
[32m[SUCCESS][0m Γ£ô Get Empty Cart
[36m[INFO][0m Running: Add Item to Cart
[32m[SUCCESS][0m Γ£ô Add Item to Cart
[36m[INFO][0m Running: Update Cart Item Quantity
[32m[SUCCESS][0m Γ£ô Update Cart Item Quantity
[36m[INFO][0m Running: Get Cart with Items
[32m[SUCCESS][0m Γ£ô Get Cart with Items

≡ƒôï 6. CHECKOUT FLOW (SAGA)

[36m[INFO][0m Running: Execute Checkout (SAGA Flow)
[31m[ERROR][0m Γ£ù Execute Checkout (SAGA Flow): Insufficient stock for one or more items

≡ƒôï 7. ORDER VERIFICATION

[36m[INFO][0m Running: Get User Orders
[32m[SUCCESS][0m Γ£ô Get User Orders
[36m[INFO][0m Running: Get Order by ID
[33m[WARN][0m   Skipped - No order ID from checkout
[32m[SUCCESS][0m Γ£ô Get Order by ID
[36m[INFO][0m Running: Verify Inventory Reduced
[36m[INFO][0m   Current inventory: 150
[32m[SUCCESS][0m Γ£ô Verify Inventory Reduced

≡ƒôï 8. PAYMENT VERIFICATION

[36m[INFO][0m Running: Get Payment Transaction
[33m[WARN][0m   Skipped - No transaction ID from checkout
[32m[SUCCESS][0m Γ£ô Get Payment Transaction
[36m[INFO][0m Running: Get User Payment History
[32m[SUCCESS][0m Γ£ô Get User Payment History

≡ƒôï 9. GATEWAY ROUTING TESTS

[36m[INFO][0m Running: Gateway Routes to Auth Service
[32m[SUCCESS][0m Γ£ô Gateway Routes to Auth Service
[36m[INFO][0m Running: Gateway Routes to Products (Public)
[32m[SUCCESS][0m Γ£ô Gateway Routes to Products (Public)
[36m[INFO][0m Running: Gateway Requires Auth for Protected Routes
[32m[SUCCESS][0m Γ£ô Gateway Requires Auth for Protected Routes
[36m[INFO][0m Running: Gateway Allows Authenticated Requests
[32m[SUCCESS][0m Γ£ô Gateway Allows Authenticated Requests

≡ƒôï 10. CLEANUP

[36m[INFO][0m Running: Delete Test Product
[32m[SUCCESS][0m Γ£ô Delete Test Product

============================================================
  TEST SUMMARY
============================================================

  Total Tests: 32
  Γ£ô Passed: 29
  Γ£ù Failed: 3
  Duration: 0.59s

  Failed Tests:
    - Payment Service Health: Failed to convert value of type 'java.lang.String' to required type 'java.util.UUID'; Invalid UUID string: health
    - Update Product: Only admins and vendors can update products
    - Execute Checkout (SAGA Flow): Insufficient stock for one or more items

============================================================

